<?xml version="1.0" encoding="UTF-8"?>
<testsuites name="jest tests" tests="1" failures="0" errors="0" time="0.689">
  <testsuite name="undefined" errors="0" failures="0" skipped="0" timestamp="2025-12-14T12:45:06" time="0.541" tests="1">
    <testcase classname=" adds 1 + 2 to equal 3" name=" adds 1 + 2 to equal 3" time="0.003">
    </testcase>
  </testsuite>
</testsuites>